Info    2025-09-28 15:09:22  DevID:MV-CS016-10UC(DA0213769)  Source-Line:libMvCameraControl.so(CInterfaceManager.cpp-L0809)     Description:Current dynamic library path[/workspace/install/hik_camera/lib/libMvCameraControl.so]     Solution:
Info    2025-09-28 15:09:22  DevID:MV-CS016-10UC(DA0213769)  Source-Line:libMvCameraControl.so(CInterfaceManager.cpp-L0812)     Description:CamCtl_Version: 3.2.1.0     Solution:
Info    2025-09-28 15:09:22  DevID:MV-CS016-10UC(DA0213769)  Source-Line:libMvCameraControl.so(CInterfaceManager.cpp-L0813)     Description:CamCtl_Description: BaseLine Build 20211203     Solution:
Info    2025-09-28 15:09:22  DevID:MV-CS016-10UC(DA0213769)  Source-Line:libMvCameraControl.so(CInterfaceManager.cpp-L0815)     Description:[MV_CC_CreateHandle] return[0x0]     Solution:
Info    2025-09-28 15:09:22  DevID:MV-CS016-10UC(DA0213769)  Source-Line:libMvCameraControl.so(CInterfaceManager.cpp-L6710)     Description:CamCtrl[0x3020100], U3V SDKVersion[0x3020100], DriverVersion[0x0]     Solution:
Info    2025-09-28 15:09:23  DevID:MV-CS016-10UC(DA0213769)  Source-Line:libMvCameraControl.so(CInterfaceManager.cpp-L4236)     Description:[MV_CC_InvalidateNodes] return[0x0]     Solution:
Info    2025-09-28 15:09:23  DevID:MV-CS016-10UC(DA0213769)  Source-Line:libMvCameraControl.so(CInterfaceManager.cpp-L1086)     Description:[MV_CC_OpenDevice] nPrivilegeMode[1], nSwitchoverKey[0], return[0x0]     Solution:
Info    2025-09-28 15:09:23  DevID:MV-CS016-10UC(DA0213769)  Source-Line:libMvCameraControl.so(CInterfaceManager.cpp-L3684)     Description:[MV_CC_GetImageInfo] return[0x0]     Solution:
Info    2025-09-28 15:09:23  DevID:MV-CS016-10UC(DA0213769)  Source-Line:libMvCameraControl.so(CInterfaceManager.cpp-L1703)     Description:U3V, DeviceModelName[MV-CS016-10UC], DeviceFirmwareVersion[V2.1.2 220907884152 22083001], DeviceMaxThroughput[37500]     Solution:
Info    2025-09-28 15:09:23  DevID:MV-CS016-10UC(DA0213769)  Source-Line:libMvCameraControl.so(CInterfaceManager.cpp-L1708)     Description:U3V, Width[1440], Height[1080], OffsetX[0], OffsetY[0], PixelFormat[0x1080009], AcquisitionMode[2]     Solution:
Info    2025-09-28 15:09:23  DevID:MV-CS016-10UC(DA0213769)  Source-Line:libMvCameraControl.so(CInterfaceManager.cpp-L1713)     Description:U3V, TriggerMode[0], ResultingFrameRate[24.11], ExposureTime[5000.00], ExposureAuto[0], PayloadSize[1555200]     Solution:
Info    2025-09-28 15:09:23  DevID:MV-CS016-10UC(DA0213769)  Source-Line:libMvCameraControl.so(CInterfaceManager.cpp-L6315)     Description:CamCtrl RecvThread Start, ThreadId[1644738112]     Solution:
Info    2025-09-28 15:09:23  DevID:MV-CS016-10UC(DA0213769)  Source-Line:libMvCameraControl.so(CInterfaceManager.cpp-L6083)     Description:CamCtrl Display Thread Start, ThreadId[1636345408]     Solution:
Info    2025-09-28 15:09:23  DevID:MV-CS016-10UC(DA0213769)  Source-Line:libMvCameraControl.so(CInterfaceManager.cpp-L1795)     Description:There is no registration callback     Solution:
Info    2025-09-28 15:09:23  DevID:MV-CS016-10UC(DA0213769)  Source-Line:libMvCameraControl.so(CInterfaceManager.cpp-L1800)     Description:[MV_CC_StartGrabbing] return[0x0]     Solution:
Info    2025-09-28 15:10:15  DevID:MV-CS016-10UC(DA0213769)  Source-Line:libMvCameraControl.so(CInterfaceManager.cpp-L1888)     Description:[StopGrabbing] return[0x0]     Solution:
Info    2025-09-28 15:10:15  DevID:MV-CS016-10UC(DA0213769)  Source-Line:libMvCameraControl.so(CInterfaceManager.cpp-L6545)     Description:RecvThread Process Exit     Solution:
Info    2025-09-28 15:10:15  DevID:MV-CS016-10UC(DA0213769)  Source-Line:libMvCameraControl.so(CInterfaceManager.cpp-L6299)     Description:Display process exit     Solution:
Info    2025-09-28 15:10:17  DevID:MV-CS016-10UC(DA0213769)  Source-Line:libMvCameraControl.so(CInterfaceManager.cpp-L1166)     Description:[CloseDevice] return[0x0]     Solution:
Info    2025-09-28 15:10:20  DevID:MV-CS016-10UC(DA0213769)  Source-Line:libMvCameraControl.so(CInterfaceManager.cpp-L0809)     Description:Current dynamic library path[/workspace/install/hik_camera/lib/libMvCameraControl.so]     Solution:
Info    2025-09-28 15:10:20  DevID:MV-CS016-10UC(DA0213769)  Source-Line:libMvCameraControl.so(CInterfaceManager.cpp-L0812)     Description:CamCtl_Version: 3.2.1.0     Solution:
Info    2025-09-28 15:10:20  DevID:MV-CS016-10UC(DA0213769)  Source-Line:libMvCameraControl.so(CInterfaceManager.cpp-L0813)     Description:CamCtl_Description: BaseLine Build 20211203     Solution:
Info    2025-09-28 15:10:20  DevID:MV-CS016-10UC(DA0213769)  Source-Line:libMvCameraControl.so(CInterfaceManager.cpp-L0815)     Description:[MV_CC_CreateHandle] return[0x0]     Solution:
Info    2025-09-28 15:10:20  DevID:MV-CS016-10UC(DA0213769)  Source-Line:libMvCameraControl.so(CInterfaceManager.cpp-L6710)     Description:CamCtrl[0x3020100], U3V SDKVersion[0x3020100], DriverVersion[0x0]     Solution:
Info    2025-09-28 15:10:21  DevID:MV-CS016-10UC(DA0213769)  Source-Line:libMvCameraControl.so(CInterfaceManager.cpp-L4236)     Description:[MV_CC_InvalidateNodes] return[0x0]     Solution:
Info    2025-09-28 15:10:21  DevID:MV-CS016-10UC(DA0213769)  Source-Line:libMvCameraControl.so(CInterfaceManager.cpp-L1086)     Description:[MV_CC_OpenDevice] nPrivilegeMode[1], nSwitchoverKey[0], return[0x0]     Solution:
Info    2025-09-28 15:10:21  DevID:MV-CS016-10UC(DA0213769)  Source-Line:libMvCameraControl.so(CInterfaceManager.cpp-L3684)     Description:[MV_CC_GetImageInfo] return[0x0]     Solution:
Info    2025-09-28 15:10:21  DevID:MV-CS016-10UC(DA0213769)  Source-Line:libMvCameraControl.so(CInterfaceManager.cpp-L1703)     Description:U3V, DeviceModelName[MV-CS016-10UC], DeviceFirmwareVersion[V2.1.2 220907884152 22083001], DeviceMaxThroughput[37500]     Solution:
Info    2025-09-28 15:10:21  DevID:MV-CS016-10UC(DA0213769)  Source-Line:libMvCameraControl.so(CInterfaceManager.cpp-L1708)     Description:U3V, Width[1440], Height[1080], OffsetX[0], OffsetY[0], PixelFormat[0x1080009], AcquisitionMode[2]     Solution:
Info    2025-09-28 15:10:21  DevID:MV-CS016-10UC(DA0213769)  Source-Line:libMvCameraControl.so(CInterfaceManager.cpp-L1713)     Description:U3V, TriggerMode[0], ResultingFrameRate[24.11], ExposureTime[5000.00], ExposureAuto[0], PayloadSize[1555200]     Solution:
Info    2025-09-28 15:10:21  DevID:MV-CS016-10UC(DA0213769)  Source-Line:libMvCameraControl.so(CInterfaceManager.cpp-L6315)     Description:CamCtrl RecvThread Start, ThreadId[1284617792]     Solution:
Info    2025-09-28 15:10:21  DevID:MV-CS016-10UC(DA0213769)  Source-Line:libMvCameraControl.so(CInterfaceManager.cpp-L6083)     Description:CamCtrl Display Thread Start, ThreadId[1073739328]     Solution:
Info    2025-09-28 15:10:21  DevID:MV-CS016-10UC(DA0213769)  Source-Line:libMvCameraControl.so(CInterfaceManager.cpp-L1795)     Description:There is no registration callback     Solution:
Info    2025-09-28 15:10:21  DevID:MV-CS016-10UC(DA0213769)  Source-Line:libMvCameraControl.so(CInterfaceManager.cpp-L1800)     Description:[MV_CC_StartGrabbing] return[0x0]     Solution:
Info    2025-09-28 15:11:03  DevID:MV-CS016-10UC(DA0213769)  Source-Line:libMvCameraControl.so(CInterfaceManager.cpp-L1888)     Description:[StopGrabbing] return[0x0]     Solution:
Info    2025-09-28 15:11:03  DevID:MV-CS016-10UC(DA0213769)  Source-Line:libMvCameraControl.so(CInterfaceManager.cpp-L6299)     Description:Display process exit     Solution:
Info    2025-09-28 15:11:03  DevID:MV-CS016-10UC(DA0213769)  Source-Line:libMvCameraControl.so(CInterfaceManager.cpp-L6545)     Description:RecvThread Process Exit     Solution:
Info    2025-09-28 15:11:05  DevID:MV-CS016-10UC(DA0213769)  Source-Line:libMvCameraControl.so(CInterfaceManager.cpp-L1166)     Description:[CloseDevice] return[0x0]     Solution:
Info    2025-09-28 15:12:38  DevID:MV-CS016-10UC(DA0213769)  Source-Line:libMvCameraControl.so(CInterfaceManager.cpp-L0809)     Description:Current dynamic library path[/workspace/install/hik_camera/lib/libMvCameraControl.so]     Solution:
Info    2025-09-28 15:12:38  DevID:MV-CS016-10UC(DA0213769)  Source-Line:libMvCameraControl.so(CInterfaceManager.cpp-L0812)     Description:CamCtl_Version: 3.2.1.0     Solution:
Info    2025-09-28 15:12:38  DevID:MV-CS016-10UC(DA0213769)  Source-Line:libMvCameraControl.so(CInterfaceManager.cpp-L0813)     Description:CamCtl_Description: BaseLine Build 20211203     Solution:
Info    2025-09-28 15:12:38  DevID:MV-CS016-10UC(DA0213769)  Source-Line:libMvCameraControl.so(CInterfaceManager.cpp-L0815)     Description:[MV_CC_CreateHandle] return[0x0]     Solution:
Info    2025-09-28 15:12:38  DevID:MV-CS016-10UC(DA0213769)  Source-Line:libMvCameraControl.so(CInterfaceManager.cpp-L6710)     Description:CamCtrl[0x3020100], U3V SDKVersion[0x3020100], DriverVersion[0x0]     Solution:
Info    2025-09-28 15:12:39  DevID:MV-CS016-10UC(DA0213769)  Source-Line:libMvCameraControl.so(CInterfaceManager.cpp-L4236)     Description:[MV_CC_InvalidateNodes] return[0x0]     Solution:
Info    2025-09-28 15:12:39  DevID:MV-CS016-10UC(DA0213769)  Source-Line:libMvCameraControl.so(CInterfaceManager.cpp-L1086)     Description:[MV_CC_OpenDevice] nPrivilegeMode[1], nSwitchoverKey[0], return[0x0]     Solution:
Info    2025-09-28 15:12:39  DevID:MV-CS016-10UC(DA0213769)  Source-Line:libMvCameraControl.so(CInterfaceManager.cpp-L3684)     Description:[MV_CC_GetImageInfo] return[0x0]     Solution:
Info    2025-09-28 15:12:39  DevID:MV-CS016-10UC(DA0213769)  Source-Line:libMvCameraControl.so(CInterfaceManager.cpp-L1703)     Description:U3V, DeviceModelName[MV-CS016-10UC], DeviceFirmwareVersion[V2.1.2 220907884152 22083001], DeviceMaxThroughput[37500]     Solution:
Info    2025-09-28 15:12:39  DevID:MV-CS016-10UC(DA0213769)  Source-Line:libMvCameraControl.so(CInterfaceManager.cpp-L1708)     Description:U3V, Width[1440], Height[1080], OffsetX[0], OffsetY[0], PixelFormat[0x1080009], AcquisitionMode[2]     Solution:
Info    2025-09-28 15:12:39  DevID:MV-CS016-10UC(DA0213769)  Source-Line:libMvCameraControl.so(CInterfaceManager.cpp-L1713)     Description:U3V, TriggerMode[0], ResultingFrameRate[24.11], ExposureTime[5000.00], ExposureAuto[0], PayloadSize[1555200]     Solution:
Info    2025-09-28 15:12:39  DevID:MV-CS016-10UC(DA0213769)  Source-Line:libMvCameraControl.so(CInterfaceManager.cpp-L6315)     Description:CamCtrl RecvThread Start, ThreadId[520083008]     Solution:
Info    2025-09-28 15:12:39  DevID:MV-CS016-10UC(DA0213769)  Source-Line:libMvCameraControl.so(CInterfaceManager.cpp-L6083)     Description:CamCtrl Display Thread Start, ThreadId[511690304]     Solution:
Info    2025-09-28 15:12:39  DevID:MV-CS016-10UC(DA0213769)  Source-Line:libMvCameraControl.so(CInterfaceManager.cpp-L1795)     Description:There is no registration callback     Solution:
Info    2025-09-28 15:12:39  DevID:MV-CS016-10UC(DA0213769)  Source-Line:libMvCameraControl.so(CInterfaceManager.cpp-L1800)     Description:[MV_CC_StartGrabbing] return[0x0]     Solution:
Info    2025-09-28 15:13:46  DevID:MV-CS016-10UC(DA0213769)  Source-Line:libMvCameraControl.so(CInterfaceManager.cpp-L1888)     Description:[StopGrabbing] return[0x0]     Solution:
Info    2025-09-28 15:13:46  DevID:MV-CS016-10UC(DA0213769)  Source-Line:libMvCameraControl.so(CInterfaceManager.cpp-L6299)     Description:Display process exit     Solution:
Info    2025-09-28 15:13:46  DevID:MV-CS016-10UC(DA0213769)  Source-Line:libMvCameraControl.so(CInterfaceManager.cpp-L6545)     Description:RecvThread Process Exit     Solution:
Info    2025-09-28 15:13:46  DevID:MV-CS016-10UC(DA0213769)  Source-Line:libMvCameraControl.so(CInterfaceManager.cpp-L1166)     Description:[CloseDevice] return[0x0]     Solution:
Info    2025-09-28 15:14:46  DevID:MV-CS016-10UC(DA0213769)  Source-Line:libMvCameraControl.so(CInterfaceManager.cpp-L0809)     Description:Current dynamic library path[/workspace/install/hik_camera/lib/libMvCameraControl.so]     Solution:
Info    2025-09-28 15:14:46  DevID:MV-CS016-10UC(DA0213769)  Source-Line:libMvCameraControl.so(CInterfaceManager.cpp-L0812)     Description:CamCtl_Version: 3.2.1.0     Solution:
Info    2025-09-28 15:14:46  DevID:MV-CS016-10UC(DA0213769)  Source-Line:libMvCameraControl.so(CInterfaceManager.cpp-L0813)     Description:CamCtl_Description: BaseLine Build 20211203     Solution:
Info    2025-09-28 15:14:46  DevID:MV-CS016-10UC(DA0213769)  Source-Line:libMvCameraControl.so(CInterfaceManager.cpp-L0815)     Description:[MV_CC_CreateHandle] return[0x0]     Solution:
Info    2025-09-28 15:14:46  DevID:MV-CS016-10UC(DA0213769)  Source-Line:libMvCameraControl.so(CInterfaceManager.cpp-L6710)     Description:CamCtrl[0x3020100], U3V SDKVersion[0x3020100], DriverVersion[0x0]     Solution:
Info    2025-09-28 15:14:47  DevID:MV-CS016-10UC(DA0213769)  Source-Line:libMvCameraControl.so(CInterfaceManager.cpp-L4236)     Description:[MV_CC_InvalidateNodes] return[0x0]     Solution:
Info    2025-09-28 15:14:47  DevID:MV-CS016-10UC(DA0213769)  Source-Line:libMvCameraControl.so(CInterfaceManager.cpp-L1086)     Description:[MV_CC_OpenDevice] nPrivilegeMode[1], nSwitchoverKey[0], return[0x0]     Solution:
Info    2025-09-28 15:14:47  DevID:MV-CS016-10UC(DA0213769)  Source-Line:libMvCameraControl.so(CInterfaceManager.cpp-L3684)     Description:[MV_CC_GetImageInfo] return[0x0]     Solution:
Info    2025-09-28 15:14:47  DevID:MV-CS016-10UC(DA0213769)  Source-Line:libMvCameraControl.so(CInterfaceManager.cpp-L1703)     Description:U3V, DeviceModelName[MV-CS016-10UC], DeviceFirmwareVersion[V2.1.2 220907884152 22083001], DeviceMaxThroughput[387500]     Solution:
Info    2025-09-28 15:14:47  DevID:MV-CS016-10UC(DA0213769)  Source-Line:libMvCameraControl.so(CInterfaceManager.cpp-L1708)     Description:U3V, Width[1440], Height[1080], OffsetX[0], OffsetY[0], PixelFormat[0x1080009], AcquisitionMode[2]     Solution:
Info    2025-09-28 15:14:47  DevID:MV-CS016-10UC(DA0213769)  Source-Line:libMvCameraControl.so(CInterfaceManager.cpp-L1713)     Description:U3V, TriggerMode[0], ResultingFrameRate[165.52], ExposureTime[5000.00], ExposureAuto[0], PayloadSize[1555200]     Solution:
Info    2025-09-28 15:14:47  DevID:MV-CS016-10UC(DA0213769)  Source-Line:libMvCameraControl.so(CInterfaceManager.cpp-L6315)     Description:CamCtrl RecvThread Start, ThreadId[-488110528]     Solution:
Info    2025-09-28 15:14:47  DevID:MV-CS016-10UC(DA0213769)  Source-Line:libMvCameraControl.so(CInterfaceManager.cpp-L6083)     Description:CamCtrl Display Thread Start, ThreadId[-496503232]     Solution:
Info    2025-09-28 15:14:47  DevID:MV-CS016-10UC(DA0213769)  Source-Line:libMvCameraControl.so(CInterfaceManager.cpp-L1795)     Description:There is no registration callback     Solution:
Info    2025-09-28 15:14:47  DevID:MV-CS016-10UC(DA0213769)  Source-Line:libMvCameraControl.so(CInterfaceManager.cpp-L1800)     Description:[MV_CC_StartGrabbing] return[0x0]     Solution:
Info    2025-09-28 15:15:45  DevID:MV-CS016-10UC(DA0213769)  Source-Line:libMvCameraControl.so(CInterfaceManager.cpp-L1888)     Description:[StopGrabbing] return[0x0]     Solution:
Info    2025-09-28 15:15:45  DevID:MV-CS016-10UC(DA0213769)  Source-Line:libMvCameraControl.so(CInterfaceManager.cpp-L6545)     Description:RecvThread Process Exit     Solution:
Info    2025-09-28 15:15:45  DevID:MV-CS016-10UC(DA0213769)  Source-Line:libMvCameraControl.so(CInterfaceManager.cpp-L6299)     Description:Display process exit     Solution:
Info    2025-09-28 15:15:46  DevID:MV-CS016-10UC(DA0213769)  Source-Line:libMvCameraControl.so(CInterfaceManager.cpp-L1166)     Description:[CloseDevice] return[0x0]     Solution:
Info    2025-09-28 15:15:57  DevID:MV-CS016-10UC(DA0213769)  Source-Line:libMvCameraControl.so(CInterfaceManager.cpp-L0809)     Description:Current dynamic library path[/workspace/install/hik_camera/lib/libMvCameraControl.so]     Solution:
Info    2025-09-28 15:15:57  DevID:MV-CS016-10UC(DA0213769)  Source-Line:libMvCameraControl.so(CInterfaceManager.cpp-L0812)     Description:CamCtl_Version: 3.2.1.0     Solution:
Info    2025-09-28 15:15:57  DevID:MV-CS016-10UC(DA0213769)  Source-Line:libMvCameraControl.so(CInterfaceManager.cpp-L0813)     Description:CamCtl_Description: BaseLine Build 20211203     Solution:
Info    2025-09-28 15:15:57  DevID:MV-CS016-10UC(DA0213769)  Source-Line:libMvCameraControl.so(CInterfaceManager.cpp-L0815)     Description:[MV_CC_CreateHandle] return[0x0]     Solution:
Info    2025-09-28 15:15:57  DevID:MV-CS016-10UC(DA0213769)  Source-Line:libMvCameraControl.so(CInterfaceManager.cpp-L6710)     Description:CamCtrl[0x3020100], U3V SDKVersion[0x3020100], DriverVersion[0x0]     Solution:
Info    2025-09-28 15:15:57  DevID:MV-CS016-10UC(DA0213769)  Source-Line:libMvCameraControl.so(CInterfaceManager.cpp-L4236)     Description:[MV_CC_InvalidateNodes] return[0x0]     Solution:
Info    2025-09-28 15:15:57  DevID:MV-CS016-10UC(DA0213769)  Source-Line:libMvCameraControl.so(CInterfaceManager.cpp-L1086)     Description:[MV_CC_OpenDevice] nPrivilegeMode[1], nSwitchoverKey[0], return[0x0]     Solution:
Info    2025-09-28 15:15:57  DevID:MV-CS016-10UC(DA0213769)  Source-Line:libMvCameraControl.so(CInterfaceManager.cpp-L3684)     Description:[MV_CC_GetImageInfo] return[0x0]     Solution:
Info    2025-09-28 15:15:57  DevID:MV-CS016-10UC(DA0213769)  Source-Line:libMvCameraControl.so(CInterfaceManager.cpp-L1703)     Description:U3V, DeviceModelName[MV-CS016-10UC], DeviceFirmwareVersion[V2.1.2 220907884152 22083001], DeviceMaxThroughput[387500]     Solution:
Info    2025-09-28 15:15:57  DevID:MV-CS016-10UC(DA0213769)  Source-Line:libMvCameraControl.so(CInterfaceManager.cpp-L1708)     Description:U3V, Width[1440], Height[1080], OffsetX[0], OffsetY[0], PixelFormat[0x1080009], AcquisitionMode[2]     Solution:
Info    2025-09-28 15:15:57  DevID:MV-CS016-10UC(DA0213769)  Source-Line:libMvCameraControl.so(CInterfaceManager.cpp-L1713)     Description:U3V, TriggerMode[0], ResultingFrameRate[165.52], ExposureTime[5000.00], ExposureAuto[0], PayloadSize[1555200]     Solution:
Info    2025-09-28 15:15:57  DevID:MV-CS016-10UC(DA0213769)  Source-Line:libMvCameraControl.so(CInterfaceManager.cpp-L6315)     Description:CamCtrl RecvThread Start, ThreadId[-1193728448]     Solution:
Info    2025-09-28 15:15:57  DevID:MV-CS016-10UC(DA0213769)  Source-Line:libMvCameraControl.so(CInterfaceManager.cpp-L6083)     Description:CamCtrl Display Thread Start, ThreadId[-1409288640]     Solution:
Info    2025-09-28 15:15:57  DevID:MV-CS016-10UC(DA0213769)  Source-Line:libMvCameraControl.so(CInterfaceManager.cpp-L1795)     Description:There is no registration callback     Solution:
Info    2025-09-28 15:15:57  DevID:MV-CS016-10UC(DA0213769)  Source-Line:libMvCameraControl.so(CInterfaceManager.cpp-L1800)     Description:[MV_CC_StartGrabbing] return[0x0]     Solution:
Info    2025-09-28 15:18:19  DevID:MV-CS016-10UC(DA0213769)  Source-Line:libMvCameraControl.so(CInterfaceManager.cpp-L1888)     Description:[StopGrabbing] return[0x0]     Solution:
Info    2025-09-28 15:18:19  DevID:MV-CS016-10UC(DA0213769)  Source-Line:libMvCameraControl.so(CInterfaceManager.cpp-L6299)     Description:Display process exit     Solution:
Info    2025-09-28 15:18:19  DevID:MV-CS016-10UC(DA0213769)  Source-Line:libMvCameraControl.so(CInterfaceManager.cpp-L6545)     Description:RecvThread Process Exit     Solution:
Info    2025-09-28 15:18:21  DevID:MV-CS016-10UC(DA0213769)  Source-Line:libMvCameraControl.so(CInterfaceManager.cpp-L1166)     Description:[CloseDevice] return[0x0]     Solution:
